// Jest Snapshot v1, https://goo.gl/fbAQLP

exports[`<ProductsContainer /> should render correctly 1`] = `
<div
  className="ProductsContainer-container"
>
  <div
    className="limited-width ProductsContainer-border"
  >
    <div
      className="space-between"
    >
      <div>
        <form
          className="SearchForm-form"
        >
          <input
            className="SearchForm-input"
            onChange={[Function]}
            placeholder="Search..."
            type="text"
            value=""
          />
          <button
            className="SearchForm-button Button"
            onClick={[Function]}
          >
            Search
          </button>
        </form>
      </div>
      <div>
        <button
          className="SwitchViewOptions-button Button Button-selected"
          onClick={[Function]}
        >
          Grid
        </button>
        <button
          className="SwitchViewOptions-button Button"
          onClick={[Function]}
        >
          List
        </button>
      </div>
    </div>
    <div
      className="ProductsContainer-content"
    >
      <ProductsList
        currentView="GRID"
      />
    </div>
  </div>
</div>
`;
