// Jest Snapshot v1, https://goo.gl/fbAQLP

exports[`<ProductsList /> should render correctly on GRID view 1`] = `
<div>
  <div
    className="ProductsList-container"
  >
    <div
      className="ProductCard-container"
      productId={1}
    >
      <img
        alt=""
        className="ProductCard-image"
        src=""
      />
      <div
        className="ProductCard-name"
      >
        
      </div>
      <div
        className="ProductCard-description"
      >
        
      </div>
      <button
        className="ProductCard-button Button"
        onClick={[Function]}
      >
        +
      </button>
    </div>
    <div
      className="ProductCard-container"
      productId={2}
    >
      <img
        alt=""
        className="ProductCard-image"
        src=""
      />
      <div
        className="ProductCard-name"
      >
        
      </div>
      <div
        className="ProductCard-description"
      >
        
      </div>
      <button
        className="ProductCard-button Button"
        onClick={[Function]}
      >
        +
      </button>
    </div>
  </div>
</div>
`;

exports[`<ProductsList /> should render correctly on LIST view 1`] = `
<div>
  <div
    className="ProductsList-container"
  >
    <div>
      ProductItem
    </div>
    <div>
      ProductItem
    </div>
  </div>
</div>
`;
