// Jest Snapshot v1, https://goo.gl/fbAQLP

exports[`<CartItem /> should render correctly 1`] = `
<div
  className="className CartItem-container"
>
  <img
    alt="Product Name"
    className="CartItem-image"
    src="image"
  />
  <div
    className="CartItem-name"
  >
    Product Name
  </div>
  <div
    className="CartItem-price"
  >
    Price: 
    <b>
      $
      29.3
    </b>
  </div>
  <div
    className="CartItem-quantity"
  >
    Quantity: 
    <b>
      3
    </b>
  </div>
  <div
    className="CartItem-stock"
  >
    <b
      style={
        Object {
          "paddingRight": 3,
        }
      }
    >
      12
    </b>
     in stock
  </div>
  <div
    className="CartItem-total"
  >
    <b>
      Total
    </b>
    <b>
      $ 
      87.9
    </b>
  </div>
</div>
`;
